
> supa-next-starter@1.0.0 test C:\Users\Henrik\OneDrive\HIM - IT og digitalisering\2025H\IBE160 - Programmering med KI\SG-NextGenCoding\frontend
> jest

node.exe : FAIL __tests__/documents.service.test.ts
At C:\Users\Henrik\AppData\Roaming\npm\pnpm.ps1:24 char:5
+     & "node$exe"  "$basedir/node_modules/pnpm/bin/pnpm.cjs" $args
+     ~~~~~~~~~~~~~~~~~~~~~~~~~~~~~~~~~~~~~~~~~~~~~~~~~~~~~~~~~~~~~
    + CategoryInfo          : NotSpecified: (FAIL __tests__/documents.service.test.ts:String) [], RemoteException
    + FullyQualifiedErrorId : NativeCommandError
 
  ΓùÅ Console

    console.log
      Uploading file: test.pdf Size: 12 Type: application/pdf

      at log (src/services/documents.ts:24:13)

    console.log
      Upload response: { document_id: 'test-doc-id-123', message: 'Upload initiated' }

      at log (src/services/documents.ts:33:13)

    console.log
      Uploading file: test.txt Size: 12 Type: text/plain

      at log (src/services/documents.ts:24:13)

    console.log
      Upload response: { document_id: 'test-doc-id-123', message: 'Upload initiated' }

      at log (src/services/documents.ts:33:13)

    console.log
      Uploading file: test.docx Size: 12 Type: application/vnd.openxmlformats-officedocument.wordprocessingml.document

      at log (src/services/documents.ts:24:13)

    console.error
      Unexpected upload error: {
        isAxiosError: true,
        response: { data: { detail: 'Upload failed due to server error' } },
        message: 'Request failed with status code 500'
      }

    [0m [90m 41 |[39m     } [36melse[39m {
     [90m 42 |[39m       [90m// Handle other potential errors[39m
    [31m[1m>[22m[39m[90m 43 |[39m       console[33m.[39merror([32m'Unexpected upload error:'[39m[33m,[39m error)[33m;[39m
     [90m    |[39m               [31m[1m^[22m[39m
     [90m 44 |[39m       [36mthrow[39m [36mnew[39m [33mError[39m([32m`An unexpected error occurred during upload: ${error.message}`[39m)[33m;[39m
     [90m 45 |[39m     }
     [90m 46 |[39m   }[0m

      at error (src/services/documents.ts:43:15)
      at Object.<anonymous> (__tests__/documents.service.test.ts:64:7)

    console.error
      Unexpected get summary error: {
        isAxiosError: true,
        response: { data: { detail: 'Summary not found' } },
        message: 'Request failed with status code 404'
      }

    [0m [90m 62 |[39m       [36mthrow[39m [36mnew[39m [33mError[39m([32m`Failed to get summary: ${errorMessage}`[39m)[33m;[39m
     [90m 63 |[39m     } [36melse[39m {
    [31m[1m>[22m[39m[90m 64 |[39m       console[33m.[39merror([32m'Unexpected get summary error:'[39m[33m,[39m error)[33m;[39m
     [90m    |[39m               [31m[1m^[22m[39m
     [90m 65 |[39m       [36mthrow[39m [36mnew[39m [33mError[39m([32m`An unexpected error occurred while getting summary: ${error.message}`[39m)[33m;[39m
     [90m 66 |[39m     }
     [90m 67 |[39m   }[0m

      at error (src/services/documents.ts:64:15)
      at Object.<anonymous> (__tests__/documents.service.test.ts:90:7)

    console.error
      Unexpected get summary status error: {
        isAxiosError: true,
        response: { data: { detail: 'Document not found' } },
        message: 'Request failed with status code 404'
      }

    [0m [90m 83 |[39m       [36mthrow[39m [36mnew[39m [33mError[39m([32m`Failed to get summary status: ${errorMessage}`[39m)[33m;[39m
     [90m 84 |[39m     } [36melse[39m {
    [31m[1m>[22m[39m[90m 85 |[39m       console[33m.[39merror([32m'Unexpected get summary status error:'[39m[33m,[39m error)[33m;[39m
     [90m    |[39m               [31m[1m^[22m[39m
     [90m 86 |[39m       [36mthrow[39m [36mnew[39m [33mError[39m([32m`An unexpected error occurred while getting summary status: ${error.message}`[39m)[33m;[39m
     [90m 87 |[39m     }
     [90m 88 |[39m   }[0m

      at error (src/services/documents.ts:85:15)
      at Object.<anonymous> (__tests__/documents.service.test.ts:116:7)

  ΓùÅ documents service ΓÇ║ uploadDocument ΓÇ║ should throw an error if upload fails

    expect(received).rejects.toThrow(expected)

    Expected substring: "Upload failed: Upload failed due to server error"
    Received message:   "An unexpected error occurred during upload: Request failed with status code 500"

        [0m [90m 42 |[39m       [90m// Handle other potential errors[39m
         [90m 43 |[39m       console[33m.[39merror([32m'Unexpected upload error:'[39m[33m,[39m error)[33m;[39m
        [31m[1m>[22m[39m[90m 44 |[39m       [36mthrow[39m [36mnew[39m [33mError[39m([32m`An unexpected error occurred during upload: ${error.message}`[39m)[33m;
[39m
         [90m    |[39m             [31m[1m^[22m[39m
         [90m 45 |[39m     }
         [90m 46 |[39m   }
         [90m 47 |[39m }[33m;[39m[0m

      at uploadDocument (src/services/documents.ts:44:13)
      at Object.<anonymous> (__tests__/documents.service.test.ts:64:7)
      at Object.toThrow (node_modules/.pnpm/expect@29.7.0/node_modules/expect/build/index.js:218:22)
      at Object.toThrow (__tests__/documents.service.test.ts:64:54)

  ΓùÅ documents service ΓÇ║ getSummary ΓÇ║ should throw an error if fetching summary fails

    expect(received).rejects.toThrow(expected)

    Expected substring: "Failed to get summary: Summary not found"
    Received message:   "An unexpected error occurred while getting summary: Request failed with status code 404"

        [0m [90m 63 |[39m     } [36melse[39m {
         [90m 64 |[39m       console[33m.[39merror([32m'Unexpected get summary error:'[39m[33m,[39m error)[33m;[39m
        [31m[1m>[22m[39m[90m 65 |[39m       [36mthrow[39m [36mnew[39m [33mError[39m([32m`An unexpected error occurred while getting summary: ${error.message}`[39m
)[33m;[39m
         [90m    |[39m             [31m[1m^[22m[39m
         [90m 66 |[39m     }
         [90m 67 |[39m   }
         [90m 68 |[39m }[33m;[39m[0m

      at getSummary (src/services/documents.ts:65:13)
      at Object.<anonymous> (__tests__/documents.service.test.ts:90:7)
      at Object.toThrow (node_modules/.pnpm/expect@29.7.0/node_modules/expect/build/index.js:218:22)
      at Object.toThrow (__tests__/documents.service.test.ts:90:56)

  ΓùÅ documents service ΓÇ║ getSummaryStatus ΓÇ║ should throw an error if fetching summary status fails

    expect(received).rejects.toThrow(expected)

    Expected substring: "Failed to get summary status: Document not found"
    Received message:   "An unexpected error occurred while getting summary status: Request failed with status code 404"

        [0m [90m 84 |[39m     } [36melse[39m {
         [90m 85 |[39m       console[33m.[39merror([32m'Unexpected get summary status error:'[39m[33m,[39m error)[33m;[39m
        [31m[1m>[22m[39m[90m 86 |[39m       [36mthrow[39m [36mnew[39m [33mError[39m([32m`An unexpected error occurred while getting summary status: ${error.message
}`[39m)[33m;[39m
         [90m    |[39m             [31m[1m^[22m[39m
         [90m 87 |[39m     }
         [90m 88 |[39m   }
         [90m 89 |[39m }[33m;[39m[0m

      at getSummaryStatus (src/services/documents.ts:86:13)
      at Object.<anonymous> (__tests__/documents.service.test.ts:116:7)
      at Object.toThrow (node_modules/.pnpm/expect@29.7.0/node_modules/expect/build/index.js:218:22)
      at Object.toThrow (__tests__/documents.service.test.ts:116:62)

PASS src/app/test-examples/page.test.tsx
PASS src/app/test-examples/counter.test.tsx
PASS __tests__/register.test.tsx
PASS __tests__/auth-callback.test.tsx
  ΓùÅ Console

    console.error
      Warning: An update to ForwardRef(LinkComponent) inside a test was not wrapped in act(...).
      
      When testing, code that causes React state updates should be wrapped into act(...):
      
      act(() => {
        /* fire events that update state */
      });
      /* assert on the output */
      
      This ensures that you're testing the behavior the user would see in the browser. Learn more at https://reactjs.org/link/wrap-tests-with-act
          at hrefProp (C:\Users\Henrik\OneDrive\HIM - IT og digitalisering\2025H\IBE160 - Programmering med KI\SG-NextGenCoding\frontend\node_modules\.pnpm\next@16.0.7_@babel+c
ore@7.28.5_react-dom@18.2.0_react@18.2.0__react@18.2.0\node_modules\next\src\client\link.tsx:300:13)
          at div
          at div
          at className (C:\Users\Henrik\OneDrive\HIM - IT og digitalisering\2025H\IBE160 - Programmering med KI\SG-NextGenCoding\frontend\src\components\ui\card.tsx:59:6)
          at div
          at className (C:\Users\Henrik\OneDrive\HIM - IT og digitalisering\2025H\IBE160 - Programmering med KI\SG-NextGenCoding\frontend\src\components\ui\card.tsx:8:6)
          at div
          at AuthCallbackPage (C:\Users\Henrik\OneDrive\HIM - IT og digitalisering\2025H\IBE160 - Programmering med KI\SG-NextGenCoding\frontend\src\app\auth\callback\page.tsx:
11:12)

    [0m [90m 37 |[39m
     [90m 38 |[39m     [90m// Fast-forward time by 5 seconds[39m
    [31m[1m>[22m[39m[90m 39 |[39m     jest[33m.[39madvanceTimersByTime([35m5000[39m)[33m;[39m
     [90m    |[39m          [31m[1m^[22m[39m
     [90m 40 |[39m
     [90m 41 |[39m     [36mawait[39m waitFor(() [33m=>[39m {
     [90m 42 |[39m       expect(mockRouter[33m.[39mpush)[33m.[39mtoHaveBeenCalledWith([32m'/login'[39m)[33m;[39m[0m

      at printWarning (node_modules/.pnpm/react-dom@18.2.0_react@18.2.0/node_modules/react-dom/cjs/react-dom.development.js:86:30)
      at error (node_modules/.pnpm/react-dom@18.2.0_react@18.2.0/node_modules/react-dom/cjs/react-dom.development.js:60:7)
      at warnIfUpdatesNotWrappedWithActDEV (node_modules/.pnpm/react-dom@18.2.0_react@18.2.0/node_modules/react-dom/cjs/react-dom.development.js:27589:9)
      at scheduleUpdateOnFiber (node_modules/.pnpm/react-dom@18.2.0_react@18.2.0/node_modules/react-dom/cjs/react-dom.development.js:25508:5)
      at dispatchSetState (node_modules/.pnpm/react-dom@18.2.0_react@18.2.0/node_modules/react-dom/cjs/react-dom.development.js:17527:7)
      at setVisible (node_modules/.pnpm/next@16.0.7_@babel+core@7.28.5_react-dom@18.2.0_react@18.2.0__react@18.2.0/node_modules/next/src/client/use-intersection.tsx:125:56)
      at cb (node_modules/.pnpm/next@16.0.7_@babel+core@7.28.5_react-dom@18.2.0_react@18.2.0__react@18.2.0/node_modules/next/src/client/request-idle-callback.ts:8:7)
      at callTimer (node_modules/.pnpm/@sinonjs+fake-timers@10.3.0/node_modules/@sinonjs/fake-timers/src/fake-timers-src.js:744:24)
      at doTickInner (node_modules/.pnpm/@sinonjs+fake-timers@10.3.0/node_modules/@sinonjs/fake-timers/src/fake-timers-src.js:1312:29)
      at doTick (node_modules/.pnpm/@sinonjs+fake-timers@10.3.0/node_modules/@sinonjs/fake-timers/src/fake-timers-src.js:1393:20)
      at Object.tick (node_modules/.pnpm/@sinonjs+fake-timers@10.3.0/node_modules/@sinonjs/fake-timers/src/fake-timers-src.js:1401:20)
      at FakeTimers.advanceTimersByTime (node_modules/.pnpm/@jest+fake-timers@29.7.0/node_modules/@jest/fake-timers/build/modernFakeTimers.js:94:19)
      at Object.advanceTimersByTime (__tests__/auth-callback.test.tsx:39:10)

PASS __tests__/hooks/use-polling.test.ts
  ΓùÅ Console

    console.error
      Warning: An update to TestComponent inside a test was not wrapped in act(...).
      
      When testing, code that causes React state updates should be wrapped into act(...):
      
      act(() => {
        /* fire events that update state */
      });
      /* assert on the output */
      
      This ensures that you're testing the behavior the user would see in the browser. Learn more at https://reactjs.org/link/wrap-tests-with-act
          at TestComponent (C:\Users\Henrik\OneDrive\HIM - IT og digitalisering\2025H\IBE160 - Programmering med KI\SG-NextGenCoding\frontend\node_modules\.pnpm\@testing-librar
y+react@14.3.1_react-dom@18.2.0_react@18.2.0__react@18.2.0\node_modules\@testing-library\react\dist\pure.js:307:5)

    [0m [90m 13 |[39m
     [90m 14 |[39m   [36mconst[39m stopPolling [33m=[39m () [33m=>[39m {
    [31m[1m>[22m[39m[90m 15 |[39m     setIsPolling([36mfalse[39m)[33m;[39m
     [90m    |[39m     [31m[1m^[22m[39m
     [90m 16 |[39m     [36mif[39m (timeoutIdRef[33m.[39mcurrent) {
     [90m 17 |[39m       clearTimeout(timeoutIdRef[33m.[39mcurrent)[33m;[39m
     [90m 18 |[39m     }[0m

      at printWarning (node_modules/.pnpm/react-dom@18.2.0_react@18.2.0/node_modules/react-dom/cjs/react-dom.development.js:86:30)
      at error (node_modules/.pnpm/react-dom@18.2.0_react@18.2.0/node_modules/react-dom/cjs/react-dom.development.js:60:7)
      at warnIfUpdatesNotWrappedWithActDEV (node_modules/.pnpm/react-dom@18.2.0_react@18.2.0/node_modules/react-dom/cjs/react-dom.development.js:27589:9)
      at scheduleUpdateOnFiber (node_modules/.pnpm/react-dom@18.2.0_react@18.2.0/node_modules/react-dom/cjs/react-dom.development.js:25508:5)
      at dispatchSetState (node_modules/.pnpm/react-dom@18.2.0_react@18.2.0/node_modules/react-dom/cjs/react-dom.development.js:17527:7)
      at setIsPolling (src/hooks/use-polling.ts:15:5)
      at stopPolling (src/hooks/use-polling.ts:29:9)

FAIL src/components/ReactQueryExample.test.tsx
  ΓùÅ <ReactQueryExample/> ΓÇ║ Renders data from the handler

    Unable to find an element with the text: Hello from the handler!. This could be because the text is broken up by multiple elements. In this case, you can provide a function
 for your text matcher to make your matcher more flexible.

    Ignored nodes: comments, script, style
    [36m<body>[39m
      [36m<div>[39m
        [36m<div />[39m
      [36m</div>[39m
    [36m</body>[39m

    [0m [90m 13 |[39m     render([33m<[39m[33mReactQueryExample[39m [33m/[39m[33m>[39m)
     [90m 14 |[39m
    [31m[1m>[22m[39m[90m 15 |[39m     [36mawait[39m screen[33m.[39mfindByText([32m'Hello from the handler!'[39m)
     [90m    |[39m                  [31m[1m^[22m[39m
     [90m 16 |[39m   })
     [90m 17 |[39m
     [90m 18 |[39m   it([32m'Renders data from overridden handler'[39m[33m,[39m [36masync[39m () [33m=>[39m {[0m

      at waitForWrapper (node_modules/.pnpm/@testing-library+dom@9.3.4/node_modules/@testing-library/dom/dist/wait-for.js:163:27)
      at node_modules/.pnpm/@testing-library+dom@9.3.4/node_modules/@testing-library/dom/dist/query-helpers.js:86:33
      at Object.findByText (src/components/ReactQueryExample.test.tsx:15:18)

  ΓùÅ <ReactQueryExample/> ΓÇ║ Renders data from overridden handler

    TypeError: Cannot read properties of undefined (reading 'use')

    [0m [90m 17 |[39m
     [90m 18 |[39m   it([32m'Renders data from overridden handler'[39m[33m,[39m [36masync[39m () [33m=>[39m {
    [31m[1m>[22m[39m[90m 19 |[39m     worker[33m.[39muse(
     [90m    |[39m            [31m[1m^[22m[39m
     [90m 20 |[39m       http[33m.[39m[36mget[39m([32m'/api/message'[39m[33m,[39m () [33m=>[39m
     [90m 21 |[39m         [33mHttpResponse[39m[33m.[39mjson({ message[33m:[39m [32m'Hello from the overridden handler!'[39m })[33m,[39m
     [90m 22 |[39m       )[33m,[39m[0m

      at Object.use (src/components/ReactQueryExample.test.tsx:19:12)

PASS __tests__/services/documents.test.ts
  ΓùÅ Console

    console.error
      Unexpected get summary error: Error: Failed to fetch
          at Object.<anonymous> (C:\Users\Henrik\OneDrive\HIM - IT og digitalisering\2025H\IBE160 - Programmering med KI\SG-NextGenCoding\frontend\__tests__\services\documents.
test.ts:27:41)
          at Promise.then.completed (C:\Users\Henrik\OneDrive\HIM - IT og digitalisering\2025H\IBE160 - Programmering med KI\SG-NextGenCoding\frontend\node_modules\.pnpm\jest-c
ircus@29.7.0\node_modules\jest-circus\build\utils.js:298:28)
          at new Promise (<anonymous>)
          at callAsyncCircusFn (C:\Users\Henrik\OneDrive\HIM - IT og digitalisering\2025H\IBE160 - Programmering med KI\SG-NextGenCoding\frontend\node_modules\.pnpm\jest-circus
@29.7.0\node_modules\jest-circus\build\utils.js:231:10)
          at _callCircusTest (C:\Users\Henrik\OneDrive\HIM - IT og digitalisering\2025H\IBE160 - Programmering med KI\SG-NextGenCoding\frontend\node_modules\.pnpm\jest-circus@2
9.7.0\node_modules\jest-circus\build\run.js:316:40)
          at processTicksAndRejections (node:internal/process/task_queues:105:5)
          at _runTest (C:\Users\Henrik\OneDrive\HIM - IT og digitalisering\2025H\IBE160 - Programmering med KI\SG-NextGenCoding\frontend\node_modules\.pnpm\jest-circus@29.7.0\n
ode_modules\jest-circus\build\run.js:252:3)
          at _runTestsForDescribeBlock (C:\Users\Henrik\OneDrive\HIM - IT og digitalisering\2025H\IBE160 - Programmering med KI\SG-NextGenCoding\frontend\node_modules\.pnpm\jes
t-circus@29.7.0\node_modules\jest-circus\build\run.js:126:9)
          at _runTestsForDescribeBlock (C:\Users\Henrik\OneDrive\HIM - IT og digitalisering\2025H\IBE160 - Programmering med KI\SG-NextGenCoding\frontend\node_modules\.pnpm\jes
t-circus@29.7.0\node_modules\jest-circus\build\run.js:121:9)
          at _runTestsForDescribeBlock (C:\Users\Henrik\OneDrive\HIM - IT og digitalisering\2025H\IBE160 - Programmering med KI\SG-NextGenCoding\frontend\node_modules\.pnpm\jes
t-circus@29.7.0\node_modules\jest-circus\build\run.js:121:9)
          at run (C:\Users\Henrik\OneDrive\HIM - IT og digitalisering\2025H\IBE160 - Programmering med KI\SG-NextGenCoding\frontend\node_modules\.pnpm\jest-circus@29.7.0\node_m
odules\jest-circus\build\run.js:71:3)
          at runAndTransformResultsToJestFormat (C:\Users\Henrik\OneDrive\HIM - IT og digitalisering\2025H\IBE160 - Programmering med KI\SG-NextGenCoding\frontend\node_modules\
.pnpm\jest-circus@29.7.0\node_modules\jest-circus\build\legacy-code-todo-rewrite\jestAdapterInit.js:122:21)
          at jestAdapter (C:\Users\Henrik\OneDrive\HIM - IT og digitalisering\2025H\IBE160 - Programmering med KI\SG-NextGenCoding\frontend\node_modules\.pnpm\jest-circus@29.7.
0\node_modules\jest-circus\build\legacy-code-todo-rewrite\jestAdapter.js:79:19)
          at runTestInternal (C:\Users\Henrik\OneDrive\HIM - IT og digitalisering\2025H\IBE160 - Programmering med KI\SG-NextGenCoding\frontend\node_modules\.pnpm\jest-runner@2
9.7.0\node_modules\jest-runner\build\runTest.js:367:16)
          at runTest (C:\Users\Henrik\OneDrive\HIM - IT og digitalisering\2025H\IBE160 - Programmering med KI\SG-NextGenCoding\frontend\node_modules\.pnpm\jest-runner@29.7.0\no
de_modules\jest-runner\build\runTest.js:444:34)
          at Object.worker (C:\Users\Henrik\OneDrive\HIM - IT og digitalisering\2025H\IBE160 - Programmering med KI\SG-NextGenCoding\frontend\node_modules\.pnpm\jest-runner@29.
7.0\node_modules\jest-runner\build\testWorker.js:106:12)

    [0m [90m 62 |[39m       [36mthrow[39m [36mnew[39m [33mError[39m([32m`Failed to get summary: ${errorMessage}`[39m)[33m;[39m
     [90m 63 |[39m     } [36melse[39m {
    [31m[1m>[22m[39m[90m 64 |[39m       console[33m.[39merror([32m'Unexpected get summary error:'[39m[33m,[39m error)[33m;[39m
     [90m    |[39m               [31m[1m^[22m[39m
     [90m 65 |[39m       [36mthrow[39m [36mnew[39m [33mError[39m([32m`An unexpected error occurred while getting summary: ${error.message}`[39m)[33m;[39m
     [90m 66 |[39m     }
     [90m 67 |[39m   }[0m

      at error (src/services/documents.ts:64:15)
      at Object.<anonymous> (__tests__/services/documents.test.ts:29:7)

    console.error
      Unexpected get summary status error: Error: Failed to fetch
          at Object.<anonymous> (C:\Users\Henrik\OneDrive\HIM - IT og digitalisering\2025H\IBE160 - Programmering med KI\SG-NextGenCoding\frontend\__tests__\services\documents.
test.ts:47:41)
          at Promise.then.completed (C:\Users\Henrik\OneDrive\HIM - IT og digitalisering\2025H\IBE160 - Programmering med KI\SG-NextGenCoding\frontend\node_modules\.pnpm\jest-c
ircus@29.7.0\node_modules\jest-circus\build\utils.js:298:28)
          at new Promise (<anonymous>)
          at callAsyncCircusFn (C:\Users\Henrik\OneDrive\HIM - IT og digitalisering\2025H\IBE160 - Programmering med KI\SG-NextGenCoding\frontend\node_modules\.pnpm\jest-circus
@29.7.0\node_modules\jest-circus\build\utils.js:231:10)
          at _callCircusTest (C:\Users\Henrik\OneDrive\HIM - IT og digitalisering\2025H\IBE160 - Programmering med KI\SG-NextGenCoding\frontend\node_modules\.pnpm\jest-circus@2
9.7.0\node_modules\jest-circus\build\run.js:316:40)
          at processTicksAndRejections (node:internal/process/task_queues:105:5)
          at _runTest (C:\Users\Henrik\OneDrive\HIM - IT og digitalisering\2025H\IBE160 - Programmering med KI\SG-NextGenCoding\frontend\node_modules\.pnpm\jest-circus@29.7.0\n
ode_modules\jest-circus\build\run.js:252:3)
          at _runTestsForDescribeBlock (C:\Users\Henrik\OneDrive\HIM - IT og digitalisering\2025H\IBE160 - Programmering med KI\SG-NextGenCoding\frontend\node_modules\.pnpm\jes
t-circus@29.7.0\node_modules\jest-circus\build\run.js:126:9)
          at _runTestsForDescribeBlock (C:\Users\Henrik\OneDrive\HIM - IT og digitalisering\2025H\IBE160 - Programmering med KI\SG-NextGenCoding\frontend\node_modules\.pnpm\jes
t-circus@29.7.0\node_modules\jest-circus\build\run.js:121:9)
          at _runTestsForDescribeBlock (C:\Users\Henrik\OneDrive\HIM - IT og digitalisering\2025H\IBE160 - Programmering med KI\SG-NextGenCoding\frontend\node_modules\.pnpm\jes
t-circus@29.7.0\node_modules\jest-circus\build\run.js:121:9)
          at run (C:\Users\Henrik\OneDrive\HIM - IT og digitalisering\2025H\IBE160 - Programmering med KI\SG-NextGenCoding\frontend\node_modules\.pnpm\jest-circus@29.7.0\node_m
odules\jest-circus\build\run.js:71:3)
          at runAndTransformResultsToJestFormat (C:\Users\Henrik\OneDrive\HIM - IT og digitalisering\2025H\IBE160 - Programmering med KI\SG-NextGenCoding\frontend\node_modules\
.pnpm\jest-circus@29.7.0\node_modules\jest-circus\build\legacy-code-todo-rewrite\jestAdapterInit.js:122:21)
          at jestAdapter (C:\Users\Henrik\OneDrive\HIM - IT og digitalisering\2025H\IBE160 - Programmering med KI\SG-NextGenCoding\frontend\node_modules\.pnpm\jest-circus@29.7.
0\node_modules\jest-circus\build\legacy-code-todo-rewrite\jestAdapter.js:79:19)
          at runTestInternal (C:\Users\Henrik\OneDrive\HIM - IT og digitalisering\2025H\IBE160 - Programmering med KI\SG-NextGenCoding\frontend\node_modules\.pnpm\jest-runner@2
9.7.0\node_modules\jest-runner\build\runTest.js:367:16)
          at runTest (C:\Users\Henrik\OneDrive\HIM - IT og digitalisering\2025H\IBE160 - Programmering med KI\SG-NextGenCoding\frontend\node_modules\.pnpm\jest-runner@29.7.0\no
de_modules\jest-runner\build\runTest.js:444:34)
          at Object.worker (C:\Users\Henrik\OneDrive\HIM - IT og digitalisering\2025H\IBE160 - Programmering med KI\SG-NextGenCoding\frontend\node_modules\.pnpm\jest-runner@29.
7.0\node_modules\jest-runner\build\testWorker.js:106:12)

    [0m [90m 83 |[39m       [36mthrow[39m [36mnew[39m [33mError[39m([32m`Failed to get summary status: ${errorMessage}`[39m)[33m;[39m
     [90m 84 |[39m     } [36melse[39m {
    [31m[1m>[22m[39m[90m 85 |[39m       console[33m.[39merror([32m'Unexpected get summary status error:'[39m[33m,[39m error)[33m;[39m
     [90m    |[39m               [31m[1m^[22m[39m
     [90m 86 |[39m       [36mthrow[39m [36mnew[39m [33mError[39m([32m`An unexpected error occurred while getting summary status: ${error.message}`[39m)[33m;[39m
     [90m 87 |[39m     }
     [90m 88 |[39m   }[0m

      at error (src/services/documents.ts:85:15)
      at Object.<anonymous> (__tests__/services/documents.test.ts:49:7)

FAIL __tests__/login.test.tsx
  ΓùÅ Console

    console.log
      Login successful. Redirecting to: /dashboard

      at log (C:\Users\Henrik\OneDrive\HIM - IT og digitalisering\2025H\IBE160 - Programmering med KI\SG-NextGenCoding\frontend\src\app\(auth)../../../../../../../../login/page
.tsx:68:15)

    console.error
      Error: Not implemented: navigation (except hash changes)
          at onSubmit (C:\Users\Henrik\OneDrive\HIM - IT og digitalisering\2025H\IBE160 - Programmering med KI\SG-NextGenCoding\frontend\src\app\(auth)\login\page.tsx:69:27) {
        type: 'not implemented'
      }

    [0m [90m 67 |[39m       [90m// Handle successful login (e.g., redirect)[39m
     [90m 68 |[39m       console[33m.[39mlog([32m"Login successful. Redirecting to:"[39m[33m,[39m redirectTo)[33m;[39m [90m// Log redirectTo[39m
    [31m[1m>[22m[39m[90m 69 |[39m       window[33m.[39mlocation[33m.[39mhref [33m=[39m redirectTo[33m;[39m [90m// Changed to full page reload[39m
     [90m    |[39m                           [31m[1m^[22m[39m
     [90m 70 |[39m     } [36mcatch[39m (err[33m:[39m any) {
     [90m 71 |[39m       setError(err[33m.[39mmessage [33m||[39m [32m"An unexpected error occurred."[39m)[33m;[39m
     [90m 72 |[39m     } [36mfinally[39m {[0m

      at VirtualConsole.<anonymous> (node_modules/.pnpm/jest-environment-jsdom@29.7.0/node_modules/jest-environment-jsdom/build/index.js:63:23)
      at module.exports (node_modules/.pnpm/jsdom@20.0.3/node_modules/jsdom/lib/jsdom/browser/not-implemented.js:12:26)
      at navigateFetch (node_modules/.pnpm/jsdom@20.0.3/node_modules/jsdom/lib/jsdom/living/window/navigation.js:77:3)
      at exports.navigate (node_modules/.pnpm/jsdom@20.0.3/node_modules/jsdom/lib/jsdom/living/window/navigation.js:55:3)
      at LocationImpl._locationObjectNavigate (node_modules/.pnpm/jsdom@20.0.3/node_modules/jsdom/lib/jsdom/living/window/Location-impl.js:31:5)
      at LocationImpl._locationObjectSetterNavigate (node_modules/.pnpm/jsdom@20.0.3/node_modules/jsdom/lib/jsdom/living/window/Location-impl.js:25:17)
      at LocationImpl.set href [as href] (node_modules/.pnpm/jsdom@20.0.3/node_modules/jsdom/lib/jsdom/living/window/Location-impl.js:47:10)
      at Location.set href [as href] (node_modules/.pnpm/jsdom@20.0.3/node_modules/jsdom/lib/jsdom/living/generated/Location.js:125:37)
      at onSubmit (C:\Users\Henrik\OneDrive\HIM - IT og digitalisering\2025H\IBE160 - Programmering med KI\SG-NextGenCoding\frontend\src\app\(auth)../../../../../../../../login
/page.tsx:69:27)
      at isSubmitted (node_modules/.pnpm/react-hook-form@7.68.0_react@18.2.0/node_modules/react-hook-form/src/logic/createFormControl.ts:1286:9)

  ΓùÅ LoginPage ΓÇ║ submits the form successfully and redirects to dashboard

    expect(jest.fn()).toHaveBeenCalledWith(...expected)

    Expected: "/dashboard"

    Number of calls: 0

    Ignored nodes: comments, script, style
    [36m<html>[39m
      [36m<head />[39m
      [36m<body>[39m
        [36m<div>[39m
          [36m<div[39m
            [33mclass[39m=[32m"flex min-h-screen items-center justify-center bg-gray-100 dark:bg-gray-950"[39m
          [36m>[39m
            [36m<div[39m
              [33mclass[39m=[32m"rounded-xl border bg-card text-card-foreground shadow mx-auto max-w-sm"[39m
            [36m>[39m
              [36m<div[39m
                [33mclass[39m=[32m"flex flex-col p-6 space-y-1"[39m
              [36m>[39m
                [36m<div[39m
                  [33mclass[39m=[32m"tracking-tight text-2xl font-bold"[39m
                [36m>[39m
                  [0mLogin[0m
                [36m</div>[39m
                [36m<div[39m
                  [33mclass[39m=[32m"text-sm text-muted-foreground"[39m
                [36m>[39m
                  [0mEnter your email and password to log in to your account.[0m
                [36m</div>[39m
              [36m</div>[39m
              [36m<div[39m
                [33mclass[39m=[32m"p-6 pt-0"[39m
              [36m>[39m
                [36m<form[39m
                  [33mclass[39m=[32m"grid gap-4"[39m
                [36m>[39m
                  [36m<div[39m
                    [33mclass[39m=[32m"grid gap-2"[39m
                  [36m>[39m
                    [36m<label[39m
                      [33mclass[39m=[32m"text-sm font-medium leading-none peer-disabled:cursor-not-allowed peer-disabled:opacity-70"[39m
                      [33mfor[39m=[32m"email"[39m
                    [36m>[39m
                      [0mEmail[0m
                    [36m</label>[39m
                    [36m<input[39m
                      [33mclass[39m=[32m"flex h-9 w-full rounded-md border border-input bg-transparent px-3 py-1 text-base shadow-sm transition-colors file:border-0 file:bg-
transparent file:text-sm file:font-medium file:text-foreground placeholder:text-muted-foreground focus-visible:outline-none focus-visible:ring-1 focus-visible:ring-ring disable
d:cursor-not-allowed disabled:opacity-50 md:text-sm"[39m
                      [33mid[39m=[32m"email"[39m
                      [33mname[39m=[32m"email"[39m
                      [33mplaceholder[39m=[32m"m@example.com"[39m
                      [33mtype[39m=[32m"email"[39m
                    [36m/>[39m
                  [36m</div>[39m
                  [36m<div[39m
                    [33mclass[39m=[32m"grid gap-2"[39m
                  [36m>[39m
                    [36m<div[39m
                      [33mclass[39m=[32m"flex items-center"[39m
                    [36m>[39m
                      [36m<label[39m
                        [33mclass[39m=[32m"text-sm font-medium leading-none peer-disabled:cursor-not-allowed peer-disabled:opacity-70"[39m
                        [33mfor[39m=[32m"password"[39m
                      [36m>[39m
                        [0mPassword[0m
                      [36m</label>[39m
                      [36m<a[39m
                        [33mclass[39m=[32m"ml-auto inline-block text-sm underline"[39m
                        [33mhref[39m=[32m"/forgot-password"[39m
                      [36m>[39m
                        [0mForgot your password?[0m
                      [36m</a>[39m
                    [36m</div>[39m
                    [36m<input[39m
                      [33mclass[39m=[32m"flex h-9 w-full rounded-md border border-input bg-transparent px-3 py-1 text-base shadow-sm transition-colors file:border-0 file:bg-
transparent file:text-sm file:font-medium file:text-foreground placeholder:text-muted-foreground focus-visible:outline-none focus-visible:ring-1 focus-visible:ring-ring disable
d:cursor-not-allowed disabled:opacity-50 md:text-sm"[39m
                      [33mid[39m=[32m"password"[39m
                      [33mname[39m=[32m"password"[39m
                      [33mtype[39m=[32m"password"[39m
                    [36m/>[39m
                  [36m</div>[39m
                  [36m<button[39m
                    [33mclass[39m=[32m"inline-flex items-center justify-center gap-2 whitespace-nowrap rounded-md text-sm font-medium transition-colors focus-visible:outline
-none focus-visible:ring-1 focus-visible:ring-ring disabled:pointer-events-none disabled:opacity-50 [&_svg]:pointer-events-none [&_svg]:size-4 [&_svg]:shrink-0 bg-primary text-
primary-foreground shadow hover:bg-primary/90 h-9 px-4 py-2 w-full"[39m
                    [33mtype[39m=[32m"submit"[39m
                  [36m>[39m
                    [0mLogin[0m
                  [36m</button>[39m
                [36m</form>[39m
                [36m<div[39m
                  [33mclass[39m=[32m"mt-4 grid gap-4"[39m
                [36m>[39m
                  [36m<button[39m
                    [33mclass[39m=[32m"inline-flex items-center justify-center gap-2 whitespace-nowrap rounded-md text-sm font-medium transition-colors focus-visible:outline
-none focus-visible:ring-1 focus-visible:ring-ring disabled:pointer-events-none disabled:opacity-50 [&_svg]:pointer-events-none [&_svg]:size-4 [&_svg]:shrink-0 border border-in
put bg-background shadow-sm hover:bg-accent hover:text-accent-foreground h-9 px-4 py-2 w-full"[39m
                  [36m>[39m
                    [0mOr continue as guest[0m
                  [36m</button>[39m
                  [36m<div[39m
                    [33mclass[39m=[32m"text-center text-sm"[39m
                  [36m>[39m
                    [0mDon't have an account?[0m
                    [0m [0m
                    [36m<a[39m
                      [33mclass[39m=[32m"underline"[39m
                      [33mhref[39m=[32m"/register"[39m
                    [36m>[39m
                      [0mSign up[0m
                    [36m</a>[39m
                  [36m</div>[39m
                [36m</div>[39m
              [36m</div>[39m
            [36m</div>[39m
          [36m</div>[39m
        [36m</div>[39m
      [36m</body>[39m
    [36m</html>[39m

    [0m [90m 79 |[39m         expect[33m.[39many([33mObject[39m)
     [90m 80 |[39m       )[33m;[39m
    [31m[1m>[22m[39m[90m 81 |[39m       expect(mockRouter[33m.[39mpush)[33m.[39mtoHaveBeenCalledWith([32m"/dashboard"[39m)[33m;[39m
     [90m    |[39m                               [31m[1m^[22m[39m
     [90m 82 |[39m     })[33m;[39m
     [90m 83 |[39m   })[33m;[39m
     [90m 84 |[39m[0m

      at toHaveBeenCalledWith (__tests__/login.test.tsx:81:31)
      at runWithExpensiveErrorDiagnosticsDisabled (node_modules/.pnpm/@testing-library+dom@9.3.4/node_modules/@testing-library/dom/dist/config.js:47:12)
      at checkCallback (node_modules/.pnpm/@testing-library+dom@9.3.4/node_modules/@testing-library/dom/dist/wait-for.js:124:77)
      at checkRealTimersCallback (node_modules/.pnpm/@testing-library+dom@9.3.4/node_modules/@testing-library/dom/dist/wait-for.js:118:16)
      at Timeout.task [as _onTimeout] (node_modules/.pnpm/jsdom@20.0.3/node_modules/jsdom/lib/jsdom/browser/Window.js:520:19)

PASS __tests__/guest-access.test.ts
FAIL __tests__/SummaryDisplayPage.test.tsx
  ΓùÅ Test suite failed to run

    Cannot find module '../../../components/ui/use-toast' from 'src/app/summaries/[document_id]/page.tsx'

    Require stack:
      src/app/summaries/[document_id]/page.tsx
      __tests__/SummaryDisplayPage.test.tsx

    [0m [90m 16 |[39m     [33m<[39m[33mdiv[39m className[33m=[39m[32m"h-4 bg-gray-200 rounded animate-pulse"[39m[33m>[39m[33m<[39m[33m/[39m[33mdiv[39m[33m>
[39m
     [90m 17 |[39m     [33m<[39m[33mdiv[39m className[33m=[39m[32m"h-4 bg-gray-200 rounded w-5/6 animate-pulse"[39m[33m>[39m[33m<[39m[33m/[39m[33mdiv[39m[33m
>[39m
    [31m[1m>[22m[39m[90m 18 |[39m     [33m<[39m[33mdiv[39m className[33m=[39m[32m"h-4 bg-gray-200 rounded w-4/5 animate-pulse"[39m[33m>[39m[33m<[39m[33m/[39
m[33mdiv[39m[33m>[39m
     [90m    |[39m                   [31m[1m^[22m[39m
     [90m 19 |[39m     [33m<[39m[33mdiv[39m className[33m=[39m[32m"h-4 bg-gray-200 rounded w-1/2 animate-pulse"[39m[33m>[39m[33m<[39m[33m/[39m[33mdiv[39m[33m
>[39m
     [90m 20 |[39m   [33m<[39m[33m/[39m[33mdiv[39m[33m>[39m
     [90m 21 |[39m )[33m;[39m[0m

      at Resolver._throwModNotFoundError (node_modules/.pnpm/jest-resolve@29.7.0/node_modules/jest-resolve/build/resolver.js:427:11)
      at Object.<anonymous> (src/app/summaries/[document_id]/page.tsx:18:19)
      at Object.<anonymous> (__tests__/SummaryDisplayPage.test.tsx:55:54)

FAIL __tests__/integration/upload.test.tsx (7.107 s)
  ΓùÅ Console

    console.log
      Auth check: guest (no access_token cookie)

      at log (src/app/upload/page.tsx:39:17)

    console.log
      File selected: notes.txt

      at log (src/app/upload/page.tsx:60:13)

    console.log
      Is guest: true

      at log (src/app/upload/page.tsx:61:13)

    console.log
      User session: null

      at log (src/app/upload/page.tsx:62:13)

    console.log
      Uploading with userId: undefined accessToken: absent

      at log (src/app/upload/page.tsx:71:15)

    console.log
      Uploading file: notes.txt Size: 5 Type: text/plain

      at log (src/services/documents.ts:24:13)

    console.error
      Upload error response: {
        name: 'TypeError',
        message: '(0 , import_until_async.until) is not a function',
        stack: 'TypeError: (0 , import_until_async.until) is not a function\n' +
          '    at handleRequest (C:\\Users\\Henrik\\OneDrive\\HIM - IT og digitalisering\\2025H\\IBE160 - Programmering med KI\\SG-NextGenCoding\\frontend\\node_modules\\.pnpm\
\msw@2.12.4_@types+node@20.3.1_typescript@5.1.3\\node_modules\\msw\\src\\core\\utils\\handleRequest.ts:57:45)\n' +
          '    at _Emitter.<anonymous> (C:\\Users\\Henrik\\OneDrive\\HIM - IT og digitalisering\\2025H\\IBE160 - Programmering med KI\\SG-NextGenCoding\\frontend\\node_modules\
\.pnpm\\msw@2.12.4_@types+node@20.3.1_typescript@5.1.3\\node_modules\\msw\\src\\node\\SetupServerCommonApi.ts:60:32)\n' +
          '    at emitAsync (C:\\Users\\Henrik\\OneDrive\\HIM - IT og digitalisering\\2025H\\IBE160 - Programmering med KI\\SG-NextGenCoding\\frontend\\node_modules\\.pnpm\\@ms
wjs+interceptors@0.40.0\\node_modules\\@mswjs\\interceptors\\src\\utils\\emitAsync.ts:23:20)\n' +
          '    at C:\\Users\\Henrik\\OneDrive\\HIM - IT og digitalisering\\2025H\\IBE160 - Programmering med KI\\SG-NextGenCoding\\frontend\\node_modules\\.pnpm\\@mswjs+interce
ptors@0.40.0\\node_modules\\@mswjs\\interceptors\\src\\utils\\handleRequest.ts:117:37\n' +
          '    at until (C:\\Users\\Henrik\\OneDrive\\HIM - IT og digitalisering\\2025H\\IBE160 - Programmering med KI\\SG-NextGenCoding\\frontend\\node_modules\\.pnpm\\@open-d
raft+until@2.1.0\\node_modules\\@open-draft\\until\\src\\until.ts:23:24)\n' +
          '    at handleRequest (C:\\Users\\Henrik\\OneDrive\\HIM - IT og digitalisering\\2025H\\IBE160 - Programmering med KI\\SG-NextGenCoding\\frontend\\node_modules\\.pnpm\
\@mswjs+interceptors@0.40.0\\node_modules\\@mswjs\\interceptors\\src\\utils\\handleRequest.ts:112:30)\n' +
          '    at XMLHttpRequestController.xhrRequestController.onRequest (C:\\Users\\Henrik\\OneDrive\\HIM - IT og digitalisering\\2025H\\IBE160 - Programmering med KI\\SG-Nex
tGenCoding\\frontend\\node_modules\\.pnpm\\@mswjs+interceptors@0.40.0\\node_modules\\@mswjs\\interceptors\\src\\interceptors\\XMLHttpRequest\\XMLHttpRequestProxy.ts:86:29)\n' +
          '    at C:\\Users\\Henrik\\OneDrive\\HIM - IT og digitalisering\\2025H\\IBE160 - Programmering med KI\\SG-NextGenCoding\\frontend\\node_modules\\.pnpm\\@mswjs+interce
ptors@0.40.0\\node_modules\\@mswjs\\interceptors\\src\\interceptors\\XMLHttpRequest\\XMLHttpRequestController.ts:178:33\n' +
          '    at invokeTheCallbackFunction (C:\\Users\\Henrik\\OneDrive\\HIM - IT og digitalisering\\2025H\\IBE160 - Programmering med KI\\SG-NextGenCoding\\frontend\\node_mod
ules\\.pnpm\\jsdom@20.0.3\\node_modules\\jsdom\\lib\\jsdom\\living\\generated\\Function.js:19:26)\n' +
          '    at C:\\Users\\Henrik\\OneDrive\\HIM - IT og digitalisering\\2025H\\IBE160 - Programmering med KI\\SG-NextGenCoding\\frontend\\node_modules\\.pnpm\\jsdom@20.0.3\\
node_modules\\jsdom\\lib\\jsdom\\browser\\Window.js:554:9\n' +
          '    at node:internal/process/task_queues:151:7\n' +
          '    at AsyncResource.runInAsyncScope (node:async_hooks:214:14)\n' +
          '    at AsyncResource.runMicrotask (node:internal/process/task_queues:148:8)'
      }

    [0m [90m 36 |[39m     [36mif[39m (axios[33m.[39misAxiosError(error)) {
     [90m 37 |[39m       [90m// Handle Axios-specific errors[39m
    [31m[1m>[22m[39m[90m 38 |[39m       console[33m.[39merror([32m'Upload error response:'[39m[33m,[39m error[33m.[39mresponse[33m?[39m[33m.[39mdata)[33m;[3
9m
     [90m    |[39m               [31m[1m^[22m[39m
     [90m 39 |[39m       [36mconst[39m errorMessage [33m=[39m error[33m.[39mresponse[33m?[39m[33m.[39mdata[33m?[39m[33m.[39mdetail [33m||[39m error[33m.[39m
message[33m;[39m
     [90m 40 |[39m       [36mthrow[39m [36mnew[39m [33mError[39m([32m`Upload failed: ${errorMessage}`[39m)[33m;[39m
     [90m 41 |[39m     } [36melse[39m {[0m

      at error (src/services/documents.ts:38:15)
      at handleFileSelect (src/app/upload/page.tsx:73:24)

    console.error
      Upload error: Error: Upload failed: Request failed with status code 500
          at uploadDocument (C:\Users\Henrik\OneDrive\HIM - IT og digitalisering\2025H\IBE160 - Programmering med KI\SG-NextGenCoding\frontend\src\services\documents.ts:40:13)
          at processTicksAndRejections (node:internal/process/task_queues:105:5)
          at handleFileSelect (C:\Users\Henrik\OneDrive\HIM - IT og digitalisering\2025H\IBE160 - Programmering med KI\SG-NextGenCoding\frontend\src\app\upload\page.tsx:73:24)

    [0m [90m 84 |[39m       }
     [90m 85 |[39m     } [36mcatch[39m (error[33m:[39m any) {
    [31m[1m>[22m[39m[90m 86 |[39m       console[33m.[39merror([32m'Upload error:'[39m[33m,[39m error)[33m;[39m
     [90m    |[39m               [31m[1m^[22m[39m
     [90m 87 |[39m       setError(error[33m.[39mmessage)[33m;[39m [90m// Use setError[39m
     [90m 88 |[39m     } [36mfinally[39m {
     [90m 89 |[39m       setUploading([36mfalse[39m)[33m;[39m[0m

      at error (src/app/upload/page.tsx:86:15)

    console.log
      Auth check: guest (no access_token cookie)

      at log (src/app/upload/page.tsx:39:17)

    console.log
      Auth check: guest (no access_token cookie)

      at log (src/app/upload/page.tsx:39:17)

    console.log
      Auth check: guest (no access_token cookie)

      at log (src/app/upload/page.tsx:39:17)

    console.log
      File selected: notes.txt

      at log (src/app/upload/page.tsx:60:13)

    console.log
      Is guest: true

      at log (src/app/upload/page.tsx:61:13)

    console.log
      User session: null

      at log (src/app/upload/page.tsx:62:13)

    console.log
      Uploading with userId: undefined accessToken: absent

      at log (src/app/upload/page.tsx:71:15)

    console.log
      Uploading file: notes.txt Size: 5 Type: text/plain

      at log (src/services/documents.ts:24:13)

    console.error
      Upload error response: {
        name: 'TypeError',
        message: '(0 , import_until_async.until) is not a function',
        stack: 'TypeError: (0 , import_until_async.until) is not a function\n' +
          '    at handleRequest (C:\\Users\\Henrik\\OneDrive\\HIM - IT og digitalisering\\2025H\\IBE160 - Programmering med KI\\SG-NextGenCoding\\frontend\\node_modules\\.pnpm\
\msw@2.12.4_@types+node@20.3.1_typescript@5.1.3\\node_modules\\msw\\src\\core\\utils\\handleRequest.ts:57:45)\n' +
          '    at _Emitter.<anonymous> (C:\\Users\\Henrik\\OneDrive\\HIM - IT og digitalisering\\2025H\\IBE160 - Programmering med KI\\SG-NextGenCoding\\frontend\\node_modules\
\.pnpm\\msw@2.12.4_@types+node@20.3.1_typescript@5.1.3\\node_modules\\msw\\src\\node\\SetupServerCommonApi.ts:60:32)\n' +
          '    at emitAsync (C:\\Users\\Henrik\\OneDrive\\HIM - IT og digitalisering\\2025H\\IBE160 - Programmering med KI\\SG-NextGenCoding\\frontend\\node_modules\\.pnpm\\@ms
wjs+interceptors@0.40.0\\node_modules\\@mswjs\\interceptors\\src\\utils\\emitAsync.ts:23:20)\n' +
          '    at C:\\Users\\Henrik\\OneDrive\\HIM - IT og digitalisering\\2025H\\IBE160 - Programmering med KI\\SG-NextGenCoding\\frontend\\node_modules\\.pnpm\\@mswjs+interce
ptors@0.40.0\\node_modules\\@mswjs\\interceptors\\src\\utils\\handleRequest.ts:117:37\n' +
          '    at until (C:\\Users\\Henrik\\OneDrive\\HIM - IT og digitalisering\\2025H\\IBE160 - Programmering med KI\\SG-NextGenCoding\\frontend\\node_modules\\.pnpm\\@open-d
raft+until@2.1.0\\node_modules\\@open-draft\\until\\src\\until.ts:23:24)\n' +
          '    at handleRequest (C:\\Users\\Henrik\\OneDrive\\HIM - IT og digitalisering\\2025H\\IBE160 - Programmering med KI\\SG-NextGenCoding\\frontend\\node_modules\\.pnpm\
\@mswjs+interceptors@0.40.0\\node_modules\\@mswjs\\interceptors\\src\\utils\\handleRequest.ts:112:30)\n' +
          '    at XMLHttpRequestController.xhrRequestController.onRequest (C:\\Users\\Henrik\\OneDrive\\HIM - IT og digitalisering\\2025H\\IBE160 - Programmering med KI\\SG-Nex
tGenCoding\\frontend\\node_modules\\.pnpm\\@mswjs+interceptors@0.40.0\\node_modules\\@mswjs\\interceptors\\src\\interceptors\\XMLHttpRequest\\XMLHttpRequestProxy.ts:86:29)\n' +
          '    at C:\\Users\\Henrik\\OneDrive\\HIM - IT og digitalisering\\2025H\\IBE160 - Programmering med KI\\SG-NextGenCoding\\frontend\\node_modules\\.pnpm\\@mswjs+interce
ptors@0.40.0\\node_modules\\@mswjs\\interceptors\\src\\interceptors\\XMLHttpRequest\\XMLHttpRequestController.ts:178:33\n' +
          '    at invokeTheCallbackFunction (C:\\Users\\Henrik\\OneDrive\\HIM - IT og digitalisering\\2025H\\IBE160 - Programmering med KI\\SG-NextGenCoding\\frontend\\node_mod
ules\\.pnpm\\jsdom@20.0.3\\node_modules\\jsdom\\lib\\jsdom\\living\\generated\\Function.js:19:26)\n' +
          '    at C:\\Users\\Henrik\\OneDrive\\HIM - IT og digitalisering\\2025H\\IBE160 - Programmering med KI\\SG-NextGenCoding\\frontend\\node_modules\\.pnpm\\jsdom@20.0.3\\
node_modules\\jsdom\\lib\\jsdom\\browser\\Window.js:554:9\n' +
          '    at node:internal/process/task_queues:151:7\n' +
          '    at AsyncResource.runInAsyncScope (node:async_hooks:214:14)\n' +
          '    at AsyncResource.runMicrotask (node:internal/process/task_queues:148:8)'
      }

    [0m [90m 36 |[39m     [36mif[39m (axios[33m.[39misAxiosError(error)) {
     [90m 37 |[39m       [90m// Handle Axios-specific errors[39m
    [31m[1m>[22m[39m[90m 38 |[39m       console[33m.[39merror([32m'Upload error response:'[39m[33m,[39m error[33m.[39mresponse[33m?[39m[33m.[39mdata)[33m;[3
9m
     [90m    |[39m               [31m[1m^[22m[39m
     [90m 39 |[39m       [36mconst[39m errorMessage [33m=[39m error[33m.[39mresponse[33m?[39m[33m.[39mdata[33m?[39m[33m.[39mdetail [33m||[39m error[33m.[39m
message[33m;[39m
     [90m 40 |[39m       [36mthrow[39m [36mnew[39m [33mError[39m([32m`Upload failed: ${errorMessage}`[39m)[33m;[39m
     [90m 41 |[39m     } [36melse[39m {[0m

      at error (src/services/documents.ts:38:15)
      at handleFileSelect (src/app/upload/page.tsx:73:24)

    console.error
      Upload error: Error: Upload failed: Request failed with status code 500
          at uploadDocument (C:\Users\Henrik\OneDrive\HIM - IT og digitalisering\2025H\IBE160 - Programmering med KI\SG-NextGenCoding\frontend\src\services\documents.ts:40:13)
          at processTicksAndRejections (node:internal/process/task_queues:105:5)
          at handleFileSelect (C:\Users\Henrik\OneDrive\HIM - IT og digitalisering\2025H\IBE160 - Programmering med KI\SG-NextGenCoding\frontend\src\app\upload\page.tsx:73:24)

    [0m [90m 84 |[39m       }
     [90m 85 |[39m     } [36mcatch[39m (error[33m:[39m any) {
    [31m[1m>[22m[39m[90m 86 |[39m       console[33m.[39merror([32m'Upload error:'[39m[33m,[39m error)[33m;[39m
     [90m    |[39m               [31m[1m^[22m[39m
     [90m 87 |[39m       setError(error[33m.[39mmessage)[33m;[39m [90m// Use setError[39m
     [90m 88 |[39m     } [36mfinally[39m {
     [90m 89 |[39m       setUploading([36mfalse[39m)[33m;[39m[0m

      at error (src/app/upload/page.tsx:86:15)

  ΓùÅ UploadPage Integration ΓÇ║ renders the upload zone and handles file selection for a guest user

    Unable to find an element with the text: /File uploaded successfully!/i. This could be because the text is broken up by multiple elements. In this case, you can provide a f
unction for your text matcher to make your matcher more flexible.

    Ignored nodes: comments, script, style
    [36m<body>[39m
      [36m<div>[39m
        [36m<div[39m
          [33mclass[39m=[32m"container mx-auto p-4"[39m
        [36m>[39m
          [36m<h1[39m
            [33mclass[39m=[32m"text-3xl font-bold mb-6 text-center"[39m
          [36m>[39m
            [0mUpload Your Lecture Notes[0m
          [36m</h1>[39m
          [36m<p[39m
            [33mclass[39m=[32m"text-center text-gray-600 mb-4"[39m
          [36m>[39m
            [0mAs a guest, you have [0m
            [0m2[0m
            [0m free uploads remaining.[0m
          [36m</p>[39m
          [36m<p[39m
            [33mclass[39m=[32m"text-center text-red-500 mb-4"[39m
          [36m>[39m
            [0mUpload failed: Request failed with status code 500[0m
          [36m</p>[39m
          [36m<div[39m
            [33maria-label[39m=[32m"file upload area"[39m
            [33mclass[39m=[32m"border-2 border-dashed rounded-lg p-6 text-center cursor-pointer transition-colors duration-200
            border-gray-300 hover:border-gray-400"[39m
          [36m>[39m
            [36m<input[39m
              [33maccept[39m=[32m"application/pdf,text/plain,application/vnd.openxmlformats-officedocument.wordprocessingml.document"[39m
              [33mclass[39m=[32m"hidden"[39m
              [33mtype[39m=[32m"file"[39m
            [36m/>[39m
            [36m<div>[39m
              [36m<p[39m
                [33mclass[39m=[32m"font-semibold"[39m
              [36m>[39m
                [0mSelected File:[0m
              [36m</p>[39m
              [36m<p>[39m
                [0mnotes.txt[0m
                [0m ([0m
                [0mtext/plain[0m
                [0m)[0m
              [36m</p>[39m
            [36m</div>[39m
          [36m</div>[39m
          [36m<div[39m
            [33mclass[39m=[32m"text-center mt-4"[39m
          [36m>[39m
            [36m<button[39m
              [33mclass[39m=[32m"px-6 py-3 bg-gray-300 text-gray-800 rounded-md text-lg font-semibold hover:bg-gray-400 transition-colors"[39m
            [36m>[39m
              [0mCancel[0m
            [36m</button>[39m
            [36m<button[39m
              [33mclass[39m=[32m"ml-4 px-6 py-3 bg-red-500 text-white rounded-md text-lg font-semibold hover:bg-red-600 transition-colors"[39m
            [36m>[39m
              [0mReset Guest Uploads[0m
            [36m</button>[39m
          [36m</div>[39m
        [36m</div>[39m
      [36m</div>[39m
    [36m</body>[39m

    [0m [90m 79 |[39m     [36mawait[39m user[33m.[39mupload(fileInput[33m,[39m file)[33m;[39m
     [90m 80 |[39m
    [31m[1m>[22m[39m[90m 81 |[39m     [36mawait[39m waitFor(() [33m=>[39m {
     [90m    |[39m                  [31m[1m^[22m[39m
     [90m 82 |[39m       expect(screen[33m.[39mgetByText([35m/File uploaded successfully!/i[39m))[33m.[39mtoBeInTheDocument()[33m;[39m
     [90m 83 |[39m     })[33m;[39m
     [90m 84 |[39m[0m

      at waitForWrapper (node_modules/.pnpm/@testing-library+dom@9.3.4/node_modules/@testing-library/dom/dist/wait-for.js:163:27)
      at Object.<anonymous> (__tests__/integration/upload.test.tsx:81:18)

  ΓùÅ UploadPage Integration ΓÇ║ displays an error for unsupported file types

    Unable to find an element with the text: /Unsupported file type: image\/svg\+xml/i. This could be because the text is broken up by multiple elements. In this case, you can 
provide a function for your text matcher to make your matcher more flexible.

    Ignored nodes: comments, script, style
    [36m<body>[39m
      [36m<div>[39m
        [36m<div[39m
          [33mclass[39m=[32m"container mx-auto p-4"[39m
        [36m>[39m
          [36m<h1[39m
            [33mclass[39m=[32m"text-3xl font-bold mb-6 text-center"[39m
          [36m>[39m
            [0mUpload Your Lecture Notes[0m
          [36m</h1>[39m
          [36m<p[39m
            [33mclass[39m=[32m"text-center text-gray-600 mb-4"[39m
          [36m>[39m
            [0mAs a guest, you have [0m
            [0m2[0m
            [0m free uploads remaining.[0m
          [36m</p>[39m
          [36m<div[39m
            [33maria-label[39m=[32m"file upload area"[39m
            [33mclass[39m=[32m"border-2 border-dashed rounded-lg p-6 text-center cursor-pointer transition-colors duration-200
            border-gray-300 hover:border-gray-400"[39m
          [36m>[39m
            [36m<input[39m
              [33maccept[39m=[32m"application/pdf,text/plain,application/vnd.openxmlformats-officedocument.wordprocessingml.document"[39m
              [33mclass[39m=[32m"hidden"[39m
              [33mtype[39m=[32m"file"[39m
            [36m/>[39m
            [36m<div>[39m
              [36m<p[39m
                [33mclass[39m=[32m"text-gray-600"[39m
              [36m>[39m
                [0mDrag & drop your file here, or click to select[0m
              [36m</p>[39m
              [36m<p[39m
                [33mclass[39m=[32m"text-sm text-gray-500 mt-1"[39m
              [36m>[39m
                [0mAccepted: [0m
                [0mpdf, plain, vnd.openxmlformats-officedocument.wordprocessingml.document[0m
                [0m | Max size: [0m
                [0m20[0m
                [0mMB[0m
              [36m</p>[39m
            [36m</div>[39m
          [36m</div>[39m
          [36m<div[39m
            [33mclass[39m=[32m"text-center mt-4"[39m
          [36m>[39m
            [36m<button[39m
              [33mclass[39m=[32m"px-6 py-3 bg-gray-300 text-gray-800 rounded-md text-lg font-semibold hover:bg-gray-400 transition-colors"[39m
            [36m>[39m
              [0mCancel[0m
            [36m</button>[39m
            [36m<button[39m
              [33mclass[39m=[32m"ml-4 px-6 py-3 bg-red-500 text-white rounded-md text-lg font-semibold hover:bg-red-600 transition-colors"[39m
            [36m>[39m
              [0mReset Guest Uploads[0m
            [36m</button>[39m
          [36m</div>[39m
        [36m</div>[39m
      [36m</div>[39m
    [36m</body>[39m

    [0m [90m 94 |[39m     [36mawait[39m user[33m.[39mupload(fileInput[33m,[39m file)[33m;[39m
     [90m 95 |[39m
    [31m[1m>[22m[39m[90m 96 |[39m     [36mawait[39m waitFor(() [33m=>[39m {
     [90m    |[39m                  [31m[1m^[22m[39m
     [90m 97 |[39m       expect(screen[33m.[39mgetByText([35m/Unsupported file type: image\/svg\+xml/i[39m))[33m.[39mtoBeInTheDocument()[33m;[39m
     [90m 98 |[39m       expect(screen[33m.[39mqueryByText([35m/File uploaded successfully!/i[39m))[33m.[39mnot[33m.[39mtoBeInTheDocument()[33m;[39m
     [90m 99 |[39m     })[33m;[39m[0m

      at waitForWrapper (node_modules/.pnpm/@testing-library+dom@9.3.4/node_modules/@testing-library/dom/dist/wait-for.js:163:27)
      at Object.<anonymous> (__tests__/integration/upload.test.tsx:96:18)

  ΓùÅ UploadPage Integration ΓÇ║ shows login prompt after guest limit is reached

    Unable to find an element with the text: /Free Upload Limit Reached!/i. This could be because the text is broken up by multiple elements. In this case, you can provide a fu
nction for your text matcher to make your matcher more flexible.

    Ignored nodes: comments, script, style
    [36m<body>[39m
      [36m<div>[39m
        [36m<div[39m
          [33mclass[39m=[32m"container mx-auto p-4"[39m
        [36m>[39m
          [36m<h1[39m
            [33mclass[39m=[32m"text-3xl font-bold mb-6 text-center"[39m
          [36m>[39m
            [0mUpload Your Lecture Notes[0m
          [36m</h1>[39m
          [36m<p[39m
            [33mclass[39m=[32m"text-center text-gray-600 mb-4"[39m
          [36m>[39m
            [0mAs a guest, you have [0m
            [0mNaN[0m
            [0m free uploads remaining.[0m
          [36m</p>[39m
          [36m<p[39m
            [33mclass[39m=[32m"text-center text-red-500 mb-4"[39m
          [36m>[39m
            [0mUpload failed: Request failed with status code 500[0m
          [36m</p>[39m
          [36m<div[39m
            [33maria-label[39m=[32m"file upload area"[39m
            [33mclass[39m=[32m"border-2 border-dashed rounded-lg p-6 text-center cursor-pointer transition-colors duration-200
            border-gray-300 hover:border-gray-400"[39m
          [36m>[39m
            [36m<input[39m
              [33maccept[39m=[32m"application/pdf,text/plain,application/vnd.openxmlformats-officedocument.wordprocessingml.document"[39m
              [33mclass[39m=[32m"hidden"[39m
              [33mtype[39m=[32m"file"[39m
            [36m/>[39m
            [36m<div>[39m
              [36m<p[39m
                [33mclass[39m=[32m"font-semibold"[39m
              [36m>[39m
                [0mSelected File:[0m
              [36m</p>[39m
              [36m<p>[39m
                [0mnotes.txt[0m
                [0m ([0m
                [0mtext/plain[0m
                [0m)[0m
              [36m</p>[39m
            [36m</div>[39m
          [36m</div>[39m
          [36m<div[39m
            [33mclass[39m=[32m"text-center mt-4"[39m
          [36m>[39m
            [36m<button[39m
              [33mclass[39m=[32m"px-6 py-3 bg-gray-300 text-gray-800 rounded-md text-lg font-semibold hover:bg-gray-400 transition-colors"[39m
            [36m>[39m
              [0mCancel[0m
            [36m</button>[39m
            [36m<button[39m
              [33mclass[39m=[32m"ml-4 px-6 py-3 bg-red-500 text-white rounded-md text-lg font-semibold hover:bg-red-600 transition-colors"[39m
            [36m>[39m
              [0mReset Guest Uploads[0m
            [36m</button>[39m
          [36m</div>[39m
        [36m</div>[39m
      [36m</div>[39m
    [36m</body>[39m

    [0m [90m 127 |[39m     [36mawait[39m user[33m.[39mupload(fileInput[33m,[39m file)[33m;[39m
     [90m 128 |[39m
    [31m[1m>[22m[39m[90m 129 |[39m     [36mawait[39m waitFor(() [33m=>[39m {
     [90m     |[39m                  [31m[1m^[22m[39m
     [90m 130 |[39m       expect(screen[33m.[39mgetByText([35m/Free Upload Limit Reached!/i[39m))[33m.[39mtoBeInTheDocument()[33m;[39m
     [90m 131 |[39m       expect(screen[33m.[39mgetByText([35m/Please log in or register to continue uploading files./i[39m))[33m.[39mtoBeInTheDocument()[33m;[39m
     [90m 132 |[39m     })[33m;[39m[0m

      at waitForWrapper (node_modules/.pnpm/@testing-library+dom@9.3.4/node_modules/@testing-library/dom/dist/wait-for.js:163:27)
      at Object.<anonymous> (__tests__/integration/upload.test.tsx:129:18)

Test Suites: 5 failed, 7 passed, 12 total
Tests:       9 failed, 32 passed, 41 total
Snapshots:   0 total
Time:        9.6 s
Ran all test suites.
ΓÇëELIFECYCLEΓÇë Test failed. See above for more details.
